[INFO] Scanning for projects...
[INFO] 
[INFO] --------------< net.serenitybdd.starter:cucumber-starter >--------------
[INFO] Building Sample Serenity BDD project using Cucumber 1.0.0-SNAPSHOT
[INFO]   from pom.xml
[INFO] --------------------------------[ jar ]---------------------------------
[INFO] 
[INFO] --- clean:3.2.0:clean (default-clean) @ cucumber-starter ---
[INFO] Deleting D:\L4S1\ITQA\ITFac_Batch21_Group58\target
[INFO] 
[INFO] --- resources:3.3.1:resources (default-resources) @ cucumber-starter ---
[INFO] skip non existing resourceDirectory D:\L4S1\ITQA\ITFac_Batch21_Group58\src\main\resources
[INFO] 
[INFO] --- compiler:3.8.1:compile (default-compile) @ cucumber-starter ---
[INFO] Nothing to compile - all classes are up to date
[INFO] 
[INFO] --- resources:3.3.1:testResources (default-testResources) @ cucumber-starter ---
[INFO] Copying 5 resources from src\test\resources to target\test-classes
[INFO] 
[INFO] --- compiler:3.8.1:testCompile (default-testCompile) @ cucumber-starter ---
[INFO] Changes detected - recompiling the module!
[INFO] Compiling 21 source files to D:\L4S1\ITQA\ITFac_Batch21_Group58\target\test-classes
[INFO] 
[INFO] --- surefire:3.1.2:test (default-test) @ cucumber-starter ---
[INFO] Tests are skipped.
[INFO] 
[INFO] --- jar:3.3.0:jar (default-jar) @ cucumber-starter ---
[WARNING] JAR will be empty - no content was marked for inclusion!
[INFO] Building jar: D:\L4S1\ITQA\ITFac_Batch21_Group58\target\cucumber-starter-1.0.0-SNAPSHOT.jar
[INFO] 
[INFO] --- failsafe:3.1.2:integration-test (default) @ cucumber-starter ---
[INFO] Using auto detected provider org.apache.maven.surefire.junitplatform.JUnitPlatformProvider
[INFO] 
[INFO] -------------------------------------------------------
[INFO]  T E S T S
[INFO] -------------------------------------------------------
mvn : Feb 06, 2026 3:21:30 AM 
org.junit.platform.launcher.core.DiscoveryIssueNotifier 
logIssues
At line:1 char:1
+ mvn clean verify -Dtags="@category_api" > 
test_output.txt 2>&1
+ ~~~~~~~~~~~~~~~~~~~~~~~~~~~~~~~~~~~~~~~~~~~~~~~~~~~~~~
~~~~~~~~
    + CategoryInfo          : NotSpecified: (Feb 06, 20 
   26 3:...ifier logIssues:String) [], RemoteException
    + FullyQualifiedErrorId : NativeCommandError
 
WARNING: TestEngine with ID 'junit-platform-suite' 
encountered a non-critical issue during test discovery:

(1) [WARNING] [cucumber] The classpath resource 
selector 'features' should not be used to select 
features in a package. Use the package selector with 
'features' instead (via @Suite 
starter.CucumberTestSuite).
[INFO] Running starter.CucumberTestSuite
03:21:31.984 [ForkJoinPool-2-worker-2] INFO  n.thucydides.core.steps.StepEventBus - Loading JUnit Platform configuration parameters from classpath resource [junit-platform.properties].
03:21:32.011 [ForkJoinPool-2-worker-2] INFO  n.t.m.logging.ConsoleLoggingListener - 

-------------------------------------------------------------------------------------
     _______. _______ .______       _______ .__   __.  __  .___________.____    ____ 
    /       ||   ____||   _  \     |   ____||  \ |  | |  | |           |\   \  /   / 
   |   (----`|  |__   |  |_)  |    |  |__   |   \|  | |  | `---|  |----` \   \/   /  
    \   \    |   __|  |      /     |   __|  |  . `  | |  |     |  |       \_    _/   
.----)   |   |  |____ |  |\  \----.|  |____ |  |\   | |  |     |  |         |  |     
|_______/    |_______|| _| `._____||_______||__| \__| |__|     |__|         |__|    
                                                                                     
 News and tutorials at https://serenity-bdd.info                                     
 Documentation at https://serenity-bdd.github.io                                     
 Test Automation Training and Coaching: https://www.serenity-dojo.com                
 Commercial Support: https://www.serenity-dojo.com/serenity-bdd-enterprise-support   
 Join the Serenity Community on Gitter: https://gitter.im/serenity-bdd/serenity-core 
-------------------------------------------------------------------------------------

03:21:32.017 [ForkJoinPool-2-worker-2] INFO  n.t.m.logging.ConsoleLoggingListener - Test Suite Started: Category Management API
03:21:32.064 [ForkJoinPool-2-worker-1] INFO  n.t.m.logging.ConsoleLoggingListener - Test Suite Started: Sales Management

@sales @login_as_admin
Scenario: SM_UI_A_03 Verify Sell Plant Button Visibility # classpath:features/ui/sales/manage_sales_orders.feature:17

@sales @login_as_admin
Scenario: SM_UI_A_01 View Sales List                          # classpath:features/ui/sales/manage_sales_orders.feature:7

@admin_auth
Scenario: CM2_API_A_01 Create Category via API Successfully                        # classpath:features/api/category/category_api.feature:7

@admin_auth
Scenario: CM2_API_A_05 Reject Duplicate Category Creation via API   # classpath:features/api/category/category_api.feature:38
03:21:32.935 [ForkJoinPool-2-worker-3] INFO  hooks.AuthenticationHooks - Hook: Logging in as Admin
03:21:32.936 [ForkJoinPool-2-worker-1] INFO  hooks.AuthenticationHooks - Hook: Logging in as Admin
03:21:33.180 [ForkJoinPool-2-worker-3] INFO  n.s.c.w.d.ChromeDriverProvider - Starting Chrome driver instance with capabilities:
03:21:33.181 [ForkJoinPool-2-worker-1] INFO  n.s.c.w.d.ChromeDriverProvider - Starting Chrome driver instance with capabilities:
03:21:33.185 [ForkJoinPool-2-worker-1] INFO  n.s.c.w.d.ChromeDriverProvider - Capabilities {acceptInsecureCerts: true, browserName: chrome, goog:chromeOptions: {args: [remote-allow-origins=*, test-type, no-sandbox, ignore-certificate-errors, --window-size=1000,800, incognito, disable-infobars, disable-gpu, disable-default-apps, disable-popup-blocking, disable-dev-shm-usage, disable-extensions, disable-web-security, disable-translate, disable-logging, remote-allow-origins=*, --headless=chrome, --headless], extensions: []}}
03:21:33.186 [ForkJoinPool-2-worker-3] INFO  n.s.c.w.d.ChromeDriverProvider - Capabilities {acceptInsecureCerts: true, browserName: chrome, goog:chromeOptions: {args: [remote-allow-origins=*, test-type, no-sandbox, ignore-certificate-errors, --window-size=1000,800, incognito, disable-infobars, disable-gpu, disable-default-apps, disable-popup-blocking, disable-dev-shm-usage, disable-extensions, disable-web-security, disable-translate, disable-logging, remote-allow-origins=*, --headless=chrome, --headless], extensions: []}}
Feb 06, 2026 3:21:35 AM 
org.openqa.selenium.devtools.CdpVersionFinder 
findNearestMatch
WARNING: Unable to find an exact match for CDP version 
144, returning the closest version; found: 143; Please 
update to a Selenium version that supports CDP version 
144
Feb 06, 2026 3:21:35 AM 
org.openqa.selenium.devtools.CdpVersionFinder 
findNearestMatch
WARNING: Unable to find an exact match for CDP version 
144, returning the closest version; found: 143; Please 
update to a Selenium version that supports CDP version 
144
  Γûá Given the admin has a valid session
  Γûá Given the admin has a valid session
  Γå╖ And a category exists with name "DuplicateName"                 # steps.api.category.CategorySteps.aCategoryExistsWithName(java.lang.String)
  Γå╖ When I create a category with name "DuplicateName"              # steps.api.category.CategorySteps.iCreateACategoryWithName(java.lang.String)
  Γå╖ Then the response status code should be 400
  Γå╖ And the response body should contain a duplicate resource error # steps.api.category.CategorySteps.theResponseBodyShouldContainADuplicateResourceError()
  Γå╖ When I create a category with name "Books"                                     # steps.api.category.CategorySteps.iCreateACategoryWithName(java.lang.String)
  Γå╖ And no new duplicate category should be created                 # steps.api.category.CategorySteps.noNewDuplicateCategoryShouldBeCreated()
  Γå╖ Then the response status code should be 201
  Γå╖ And the response body should return correct category details with name "Books" # steps.api.category.CategorySteps.theResponseBodyShouldReturnCorrectCategoryDetailsWithName(java.lang.String)
  Γå╖ And the new category should be present in the categories list                  # steps.api.category.CategorySteps.theNewCategoryShouldBePresentInTheCategoriesList()

@admin_auth
Scenario: CM2_API_A_02 Reject Category Creation without Name                 # classpath:features/api/category/category_api.feature:15

@admin_auth
Scenario: CM2_API_A_04 Delete Category via API  # classpath:features/api/category/category_api.feature:30
  Γûá Given the admin has a valid session
  Γå╖ And a category exists with name "ToDelete"  # steps.api.category.CategorySteps.aCategoryExistsWithName(java.lang.String)
  Γå╖ When I delete the category                  # steps.api.category.CategorySteps.iDeleteTheCategory()
  Γå╖ Then the response status code should be 204
  Γå╖ And the category should no longer exist     # steps.api.category.CategorySteps.theCategoryShouldNoLongerExist()

@admin_auth
Scenario: CM2_API_A_03 Update Category via API                                       # classpath:features/api/category/category_api.feature:22
  Γûá Given the admin has a valid session
  Γå╖ When I create a category with missing name                               # steps.api.category.CategorySteps.iCreateACategoryWithMissingName()
  Γå╖ Then the response status code should be 400
  Γå╖ And the response body should contain a validation error for missing name # steps.api.category.CategorySteps.theResponseBodyShouldContainAValidationErrorForMissingName()
  Γûá Given the admin has a valid session
  Γå╖ And a category exists with name "OldName"                                        # steps.api.category.CategorySteps.aCategoryExistsWithName(java.lang.String)
  Γå╖ When I update the category name to "NewName"                                     # steps.api.category.CategorySteps.iUpdateTheCategoryNameTo(java.lang.String)
  Γå╖ Then the response status code should be 200
  Γå╖ And the response body should return correct category details with name "NewName" # steps.api.category.CategorySteps.theResponseBodyShouldReturnCorrectCategoryDetailsWithName(java.lang.String)
  Γ£ö When Admin navigates to the "Sales" page             # steps.ui.common.NavigationSteps.navigateToPage(java.lang.String)
  Γ£ö When Admin navigates to the "Sales" page                  # steps.ui.common.NavigationSteps.navigateToPage(java.lang.String)
  Γ£ö Then Admin should see the sales table                     # steps.ui.sales.SalesSteps.verifySalesTable()
  Γ£ö And the sales table should contain the following columns: # steps.ui.sales.SalesSteps.verifyTableColumns(io.cucumber.datatable.DataTable)
      | Plant       |
      | Quantity    |
      | Total Price |
      | Sold At     |
  Γ£ö And Admin clicks the "Sell Plant" button             # steps.ui.sales.SalesSteps.clickSellPlantButton()
  Γ£ö Then the "Sell Plant" form should open successfully  # steps.ui.sales.SalesSteps.verifySellPlantFormOpens()
03:21:38.692 [ForkJoinPool-2-worker-1] INFO  n.t.m.logging.ConsoleLoggingListener - 
  _____   ___   ___   _____     ___   _____     _     ___   _____   ___   ___  
 |_   _| | __| / __| |_   _|   / __| |_   _|   /_\   | _ \ |_   _| | __| |   \ 
   | |   | _|  \__ \   | |     \__ \   | |    / _ \  |   /   | |   | _|  | |) |
   |_|   |___| |___/   |_|     |___/   |_|   /_/ \_\ |_|_\   |_|   |___| |___/ 

SM_UI_A_01 View Sales List(sales-management;sm-ui-a-01-view-sales-list)
--------------------------------------------------------------------------------
03:21:38.717 [ForkJoinPool-2-worker-1] INFO  n.t.m.logging.ConsoleLoggingListener - 
  _____   ___   ___   _____     ___     _     ___   ___   ___   ___  
 |_   _| | __| / __| |_   _|   | _ \   /_\   / __| / __| | __| |   \ 
   | |   | _|  \__ \   | |     |  _/  / _ \  \__ \ \__ \ | _|  | |) |
   |_|   |___| |___/   |_|     |_|   /_/ \_\ |___/ |___/ |___| |___/ 

SM_UI_A_01 View Sales List
----------------------------------------------------------------------
03:21:38.733 [ForkJoinPool-2-worker-1] INFO  n.t.m.logging.ConsoleLoggingListener - 
  _____   ___   ___   _____     ___   _____     _     ___   _____   ___   ___  
 |_   _| | __| / __| |_   _|   / __| |_   _|   /_\   | _ \ |_   _| | __| |   \ 
   | |   | _|  \__ \   | |     \__ \   | |    / _ \  |   /   | |   | _|  | |) |
   |_|   |___| |___/   |_|     |___/   |_|   /_/ \_\ |_|_\   |_|   |___| |___/ 

SM_UI_A_03 Verify Sell Plant Button Visibility(sales-management;sm-ui-a-03-verify-sell-plant-button-visibility)
--------------------------------------------------------------------------------
03:21:38.736 [ForkJoinPool-2-worker-1] INFO  n.t.m.logging.ConsoleLoggingListener - 
  _____   ___   ___   _____     ___     _     ___   ___   ___   ___  
 |_   _| | __| / __| |_   _|   | _ \   /_\   / __| / __| | __| |   \ 
   | |   | _|  \__ \   | |     |  _/  / _ \  \__ \ \__ \ | _|  | |) |
   |_|   |___| |___/   |_|     |_|   /_/ \_\ |___/ |___/ |___| |___/ 

SM_UI_A_03 Verify Sell Plant Button Visibility
----------------------------------------------------------------------
03:21:38.760 [ForkJoinPool-2-worker-1] INFO  n.t.m.logging.ConsoleLoggingListener - 
  _____   ___   ___   _____     ___   _____     _     ___   _____   ___   ___  
 |_   _| | __| / __| |_   _|   / __| |_   _|   /_\   | _ \ |_   _| | __| |   \ 
   | |   | _|  \__ \   | |     \__ \   | |    / _ \  |   /   | |   | _|  | |) |
   |_|   |___| |___/   |_|     |___/   |_|   /_/ \_\ |_|_\   |_|   |___| |___/ 

CM2_API_A_01 Create Category via API Successfully(category-management-api;cm2-api-a-01-create-category-via-api-successfully)
--------------------------------------------------------------------------------
03:21:38.765 [ForkJoinPool-2-worker-1] INFO  n.t.m.logging.ConsoleLoggingListener - 
  _____   ___   ___   _____     ___   ___   _  _   ___    ___   _  _    ___ 
 |_   _| | __| / __| |_   _|   | _ \ | __| | \| | |   \  |_ _| | \| |  / __|
   | |   | _|  \__ \   | |     |  _/ | _|  | .` | | |) |  | |  | .` | | (_ |
   |_|   |___| |___/   |_|     |_|   |___| |_|\_| |___/  |___| |_|\_|  \___|

CM2_API_A_01 Create Category via API Successfully
-----------------------------------------------------------------------------
03:21:38.773 [ForkJoinPool-2-worker-1] INFO  n.t.m.logging.ConsoleLoggingListener - 
  _____   ___   ___   _____     ___   _____     _     ___   _____   ___   ___  
 |_   _| | __| / __| |_   _|   / __| |_   _|   /_\   | _ \ |_   _| | __| |   \ 
   | |   | _|  \__ \   | |     \__ \   | |    / _ \  |   /   | |   | _|  | |) |
   |_|   |___| |___/   |_|     |___/   |_|   /_/ \_\ |_|_\   |_|   |___| |___/ 

CM2_API_A_02 Reject Category Creation without Name(category-management-api;cm2-api-a-02-reject-category-creation-without-name)
--------------------------------------------------------------------------------
03:21:38.773 [ForkJoinPool-2-worker-1] INFO  n.t.m.logging.ConsoleLoggingListener - 
  _____   ___   ___   _____     ___   ___   _  _   ___    ___   _  _    ___ 
 |_   _| | __| / __| |_   _|   | _ \ | __| | \| | |   \  |_ _| | \| |  / __|
   | |   | _|  \__ \   | |     |  _/ | _|  | .` | | |) |  | |  | .` | | (_ |
   |_|   |___| |___/   |_|     |_|   |___| |_|\_| |___/  |___| |_|\_|  \___|

CM2_API_A_02 Reject Category Creation without Name
-----------------------------------------------------------------------------
03:21:38.782 [ForkJoinPool-2-worker-1] INFO  n.t.m.logging.ConsoleLoggingListener - 
  _____   ___   ___   _____     ___   _____     _     ___   _____   ___   ___  
 |_   _| | __| / __| |_   _|   / __| |_   _|   /_\   | _ \ |_   _| | __| |   \ 
   | |   | _|  \__ \   | |     \__ \   | |    / _ \  |   /   | |   | _|  | |) |
   |_|   |___| |___/   |_|     |___/   |_|   /_/ \_\ |_|_\   |_|   |___| |___/ 

CM2_API_A_03 Update Category via API(category-management-api;cm2-api-a-03-update-category-via-api)
--------------------------------------------------------------------------------
03:21:38.785 [ForkJoinPool-2-worker-1] INFO  n.t.m.logging.ConsoleLoggingListener - 
  _____   ___   ___   _____     ___   ___   _  _   ___    ___   _  _    ___ 
 |_   _| | __| / __| |_   _|   | _ \ | __| | \| | |   \  |_ _| | \| |  / __|
   | |   | _|  \__ \   | |     |  _/ | _|  | .` | | |) |  | |  | .` | | (_ |
   |_|   |___| |___/   |_|     |_|   |___| |_|\_| |___/  |___| |_|\_|  \___|

CM2_API_A_03 Update Category via API
-----------------------------------------------------------------------------
03:21:38.794 [ForkJoinPool-2-worker-1] INFO  n.t.m.logging.ConsoleLoggingListener - 
  _____   ___   ___   _____     ___   _____     _     ___   _____   ___   ___  
 |_   _| | __| / __| |_   _|   / __| |_   _|   /_\   | _ \ |_   _| | __| |   \ 
   | |   | _|  \__ \   | |     \__ \   | |    / _ \  |   /   | |   | _|  | |) |
   |_|   |___| |___/   |_|     |___/   |_|   /_/ \_\ |_|_\   |_|   |___| |___/ 

CM2_API_A_04 Delete Category via API(category-management-api;cm2-api-a-04-delete-category-via-api)
--------------------------------------------------------------------------------
03:21:38.798 [ForkJoinPool-2-worker-1] INFO  n.t.m.logging.ConsoleLoggingListener - 
  _____   ___   ___   _____     ___   ___   _  _   ___    ___   _  _    ___ 
 |_   _| | __| / __| |_   _|   | _ \ | __| | \| | |   \  |_ _| | \| |  / __|
   | |   | _|  \__ \   | |     |  _/ | _|  | .` | | |) |  | |  | .` | | (_ |
   |_|   |___| |___/   |_|     |_|   |___| |_|\_| |___/  |___| |_|\_|  \___|

CM2_API_A_04 Delete Category via API
-----------------------------------------------------------------------------
03:21:38.804 [ForkJoinPool-2-worker-1] INFO  n.t.m.logging.ConsoleLoggingListener - 
  _____   ___   ___   _____     ___   _____     _     ___   _____   ___   ___  
 |_   _| | __| / __| |_   _|   / __| |_   _|   /_\   | _ \ |_   _| | __| |   \ 
   | |   | _|  \__ \   | |     \__ \   | |    / _ \  |   /   | |   | _|  | |) |
   |_|   |___| |___/   |_|     |___/   |_|   /_/ \_\ |_|_\   |_|   |___| |___/ 

CM2_API_A_05 Reject Duplicate Category Creation via API(category-management-api;cm2-api-a-05-reject-duplicate-category-creation-via-api)
--------------------------------------------------------------------------------
03:21:38.812 [ForkJoinPool-2-worker-1] INFO  n.t.m.logging.ConsoleLoggingListener - 
  _____   ___   ___   _____     ___   ___   _  _   ___    ___   _  _    ___ 
 |_   _| | __| / __| |_   _|   | _ \ | __| | \| | |   \  |_ _| | \| |  / __|
   | |   | _|  \__ \   | |     |  _/ | _|  | .` | | |) |  | |  | .` | | (_ |
   |_|   |___| |___/   |_|     |_|   |___| |_|\_| |___/  |___| |_|\_|  \___|

CM2_API_A_05 Reject Duplicate Category Creation via API
-----------------------------------------------------------------------------
Feb 06, 2026 3:21:39 AM 
org.junit.platform.launcher.core.DiscoveryIssueNotifier 
logIssues
WARNING: TestEngine with ID 'cucumber' encountered a 
non-critical issue during test discovery:

(1) [WARNING] The classpath resource selector 
'features' should not be used to select features in a 
package. Use the package selector with 'features' 
instead
[ERROR] Tests run: 7, Failures: 0, Errors: 5, Skipped: 0, Time elapsed: 8.153 s <<< FAILURE! -- in starter.CucumberTestSuite
[ERROR] Category Management API.CM2_API_A_05 Reject Duplicate Category Creation via API -- Time elapsed: 5.909 s <<< ERROR!
io.cucumber.junit.platform.engine.UndefinedStepException: 
The step 'the admin has a valid session' and 1 other step(s) are undefined.
You can implement these steps using the snippet(s) below:

@Given("the admin has a valid session")
public void the_admin_has_a_valid_session() {
    // Write code here that turns the phrase above into concrete actions
    throw new io.cucumber.java.PendingException();
}
@Then("the response status code should be {int}")
public void the_response_status_code_should_be(Integer int1) {
    // Write code here that turns the phrase above into concrete actions
    throw new io.cucumber.java.PendingException();
}

	at Γ£╜.the admin has a valid session(classpath:features/api/category/category_api.feature:39)

[ERROR] Category Management API.CM2_API_A_01 Create Category via API Successfully -- Time elapsed: 5.920 s <<< ERROR!
io.cucumber.junit.platform.engine.UndefinedStepException: 
The step 'the admin has a valid session' and 1 other step(s) are undefined.
You can implement these steps using the snippet(s) below:

@Given("the admin has a valid session")
public void the_admin_has_a_valid_session() {
    // Write code here that turns the phrase above into concrete actions
    throw new io.cucumber.java.PendingException();
}
@Then("the response status code should be {int}")
public void the_response_status_code_should_be(Integer int1) {
    // Write code here that turns the phrase above into concrete actions
    throw new io.cucumber.java.PendingException();
}

	at Γ£╜.the admin has a valid session(classpath:features/api/category/category_api.feature:8)

[ERROR] Category Management API.CM2_API_A_04 Delete Category via API -- Time elapsed: 0.196 s <<< ERROR!
io.cucumber.junit.platform.engine.UndefinedStepException: 
The step 'the admin has a valid session' and 1 other step(s) are undefined.
You can implement these steps using the snippet(s) below:

@Given("the admin has a valid session")
public void the_admin_has_a_valid_session() {
    // Write code here that turns the phrase above into concrete actions
    throw new io.cucumber.java.PendingException();
}
@Then("the response status code should be {int}")
public void the_response_status_code_should_be(Integer int1) {
    // Write code here that turns the phrase above into concrete actions
    throw new io.cucumber.java.PendingException();
}

	at Γ£╜.the admin has a valid session(classpath:features/api/category/category_api.feature:31)

[ERROR] Category Management API.CM2_API_A_02 Reject Category Creation without Name -- Time elapsed: 0.245 s <<< ERROR!
io.cucumber.junit.platform.engine.UndefinedStepException: 
The step 'the admin has a valid session' and 1 other step(s) are undefined.
You can implement these steps using the snippet(s) below:

@Given("the admin has a valid session")
public void the_admin_has_a_valid_session() {
    // Write code here that turns the phrase above into concrete actions
    throw new io.cucumber.java.PendingException();
}
@Then("the response status code should be {int}")
public void the_response_status_code_should_be(Integer int1) {
    // Write code here that turns the phrase above into concrete actions
    throw new io.cucumber.java.PendingException();
}

	at Γ£╜.the admin has a valid session(classpath:features/api/category/category_api.feature:16)

[ERROR] Category Management API.CM2_API_A_03 Update Category via API -- Time elapsed: 0.191 s <<< ERROR!
io.cucumber.junit.platform.engine.UndefinedStepException: 
The step 'the admin has a valid session' and 1 other step(s) are undefined.
You can implement these steps using the snippet(s) below:

@Given("the admin has a valid session")
public void the_admin_has_a_valid_session() {
    // Write code here that turns the phrase above into concrete actions
    throw new io.cucumber.java.PendingException();
}
@Then("the response status code should be {int}")
public void the_response_status_code_should_be(Integer int1) {
    // Write code here that turns the phrase above into concrete actions
    throw new io.cucumber.java.PendingException();
}

	at Γ£╜.the admin has a valid session(classpath:features/api/category/category_api.feature:23)

Feb 06, 2026 3:21:39 AM 
org.junit.platform.launcher.core.DiscoveryIssueNotifier 
logIssues
WARNING: TestEngine with ID 'junit-platform-suite' 
encountered a non-critical issue during test discovery:

(1) [WARNING] [cucumber] The classpath resource 
selector 'features' should not be used to select 
features in a package. Use the package selector with 
'features' instead (via @Suite 
starter.CucumberTestSuite).
[INFO] 
[INFO] Results:
[INFO] 
[ERROR] Errors: 
[ERROR]   The step 'the admin has a valid session' and 1 other step(s) are undefined.
You can implement these steps using the snippet(s) below:

@Given("the admin has a valid session")
public void the_admin_has_a_valid_session() {
    // Write code here that turns the phrase above into concrete actions
    throw new io.cucumber.java.PendingException();
}
@Then("the response status code should be {int}")
public void the_response_status_code_should_be(Integer int1) {
    // Write code here that turns the phrase above into concrete actions
    throw new io.cucumber.java.PendingException();
}

[ERROR]   The step 'the admin has a valid session' and 1 other step(s) are undefined.
You can implement these steps using the snippet(s) below:

@Given("the admin has a valid session")
public void the_admin_has_a_valid_session() {
    // Write code here that turns the phrase above into concrete actions
    throw new io.cucumber.java.PendingException();
}
@Then("the response status code should be {int}")
public void the_response_status_code_should_be(Integer int1) {
    // Write code here that turns the phrase above into concrete actions
    throw new io.cucumber.java.PendingException();
}

[ERROR]   The step 'the admin has a valid session' and 1 other step(s) are undefined.
You can implement these steps using the snippet(s) below:

@Given("the admin has a valid session")
public void the_admin_has_a_valid_session() {
    // Write code here that turns the phrase above into concrete actions
    throw new io.cucumber.java.PendingException();
}
@Then("the response status code should be {int}")
public void the_response_status_code_should_be(Integer int1) {
    // Write code here that turns the phrase above into concrete actions
    throw new io.cucumber.java.PendingException();
}

[ERROR]   The step 'the admin has a valid session' and 1 other step(s) are undefined.
You can implement these steps using the snippet(s) below:

@Given("the admin has a valid session")
public void the_admin_has_a_valid_session() {
    // Write code here that turns the phrase above into concrete actions
    throw new io.cucumber.java.PendingException();
}
@Then("the response status code should be {int}")
public void the_response_status_code_should_be(Integer int1) {
    // Write code here that turns the phrase above into concrete actions
    throw new io.cucumber.java.PendingException();
}

[ERROR]   The step 'the admin has a valid session' and 1 other step(s) are undefined.
You can implement these steps using the snippet(s) below:

@Given("the admin has a valid session")
public void the_admin_has_a_valid_session() {
    // Write code here that turns the phrase above into concrete actions
    throw new io.cucumber.java.PendingException();
}
@Then("the response status code should be {int}")
public void the_response_status_code_should_be(Integer int1) {
    // Write code here that turns the phrase above into concrete actions
    throw new io.cucumber.java.PendingException();
}

[INFO] 
[ERROR] Tests run: 7, Failures: 0, Errors: 5, Skipped: 0
[INFO] 
[INFO] 
[INFO] --- serenity:5.0.4:aggregate (serenity-reports) @ cucumber-starter ---
[INFO] GENERATING REPORTS FOR: D:\L4S1\ITQA\ITFac_Batch21_Group58
[INFO] GENERATING REPORTS USING 16 THREADS
[INFO] 
[INFO] ------------------------------------------------------------------------
[INFO] Serenity BDD Test Results
[INFO]   - Report guide: https://serenity-bdd.github.io
[INFO]   - Results: 0 tests | 0 passed | 0 failed | 0 errors | 0 compromised | 0 pending | 0 aborted
[INFO] ------------------------------------------------------------------------
[INFO] 
[INFO] Generating Serenity BDD Reports
[INFO]   Γ£ô Summary reports
[INFO]   Γ£ô Requirements reports
[INFO]   Γ£ô Result reports
[INFO]   Γ£ô Error reports
[INFO] 
[INFO] Reports generated in 3 secs
[INFO] 
[INFO] ≡ƒôè Interactive Report: file:///D:/L4S1/ITQA/ITFac_Batch21_Group58/target/site/serenity/index.html
[INFO] ≡ƒôä Single Page HTML Summary: file:///D:/L4S1/ITQA/ITFac_Batch21_Group58/target/site/serenity/serenity-summary.html
[INFO] 
[INFO] --- failsafe:3.1.2:verify (default) @ cucumber-starter ---
[WARNING]  Parameter 'encoding' (user property 'encoding') is deprecated: since of 2.20.1
[INFO] ------------------------------------------------------------------------
[INFO] BUILD FAILURE
[INFO] ------------------------------------------------------------------------
[INFO] Total time:  23.326 s
[INFO] Finished at: 2026-02-06T03:21:44+05:30
[INFO] ------------------------------------------------------------------------
[ERROR] Failed to execute goal org.apache.maven.plugins:maven-failsafe-plugin:3.1.2:verify (default) on project cucumber-starter: 
[ERROR] 
[ERROR] Please refer to D:\L4S1\ITQA\ITFac_Batch21_Group58\target\failsafe-reports for the individual test results.
[ERROR] Please refer to dump files (if any exist) [date].dump, [date]-jvmRun[N].dump and [date].dumpstream.
[ERROR] -> [Help 1]
[ERROR] 
[ERROR] To see the full stack trace of the errors, re-run Maven with the -e switch.
[ERROR] Re-run Maven using the -X switch to enable full debug logging.
[ERROR] 
[ERROR] For more information about the errors and possible solutions, please read the following articles:
[ERROR] [Help 1] http://cwiki.apache.org/confluence/display/MAVEN/MojoFailureException
